    {'epoch': 1, 'train_loss': 0.6429, 'sec': 2.6991, 'MAE': 47.2012, 'RMSE': 72.2219, 'sMAPE': 57.6117, 'block_RMSE_mean': 63.7578, 'block_RMSE_median': 50.285}
    {'epoch': 2, 'train_loss': 0.5146, 'sec': 2.1895, 'MAE': 46.294, 'RMSE': 72.9891, 'sMAPE': 55.5193, 'block_RMSE_mean': 63.2795, 'block_RMSE_median': 51.427}
    {'epoch': 3, 'train_loss': 0.4675, 'sec': 2.0927, 'MAE': 46.4841, 'RMSE': 71.8892, 'sMAPE': 56.525, 'block_RMSE_mean': 61.9714, 'block_RMSE_median': 50.3516}
    {'epoch': 4, 'train_loss': 0.439, 'sec': 2.1105, 'MAE': 43.1021, 'RMSE': 67.991, 'sMAPE': 52.958, 'block_RMSE_mean': 59.5316, 'block_RMSE_median': 49.3297}
    {'epoch': 5, 'train_loss': 0.423, 'sec': 2.1633, 'MAE': 43.5082, 'RMSE': 67.4639, 'sMAPE': 53.1089, 'block_RMSE_mean': 59.5267, 'block_RMSE_median': 48.5408}
    {'epoch': 6, 'train_loss': 0.4093, 'sec': 2.177, 'MAE': 46.8001, 'RMSE': 72.9303, 'sMAPE': 55.6693, 'block_RMSE_mean': 63.0359, 'block_RMSE_median': 50.4518}
    {'epoch': 7, 'train_loss': 0.4009, 'sec': 2.2629, 'MAE': 42.4955, 'RMSE': 67.5084, 'sMAPE': 51.8437, 'block_RMSE_mean': 59.1982, 'block_RMSE_median': 49.5661}
{'seed': 0, 'early_stop_epochs_run': 7, 'best_epoch': 5, 'val': {'MAE': 43.50815266049718, 'RMSE': 67.46391154969199, 'sMAPE': 53.108872513395674, 'block_RMSE_mean': 59.526659007951366, 'block_RMSE_median': 48.540759463711815}, 'epochs_counted': 7}
    {'epoch': 1, 'train_loss': 0.6568, 'sec': 2.26, 'MAE': 46.494, 'RMSE': 71.0014, 'sMAPE': 57.3567, 'block_RMSE_mean': 63.1012, 'block_RMSE_median': 50.4557}
    {'epoch': 2, 'train_loss': 0.4935, 'sec': 2.219, 'MAE': 45.924, 'RMSE': 69.6139, 'sMAPE': 55.8355, 'block_RMSE_mean': 61.8111, 'block_RMSE_median': 52.0497}
    {'epoch': 3, 'train_loss': 0.4592, 'sec': 2.1737, 'MAE': 43.604, 'RMSE': 66.8893, 'sMAPE': 54.3025, 'block_RMSE_mean': 60.1384, 'block_RMSE_median': 50.9031}
    {'epoch': 4, 'train_loss': 0.4369, 'sec': 5.2027, 'MAE': 44.4498, 'RMSE': 65.7963, 'sMAPE': 54.8508, 'block_RMSE_mean': 59.7253, 'block_RMSE_median': 51.8444}
    {'epoch': 5, 'train_loss': 0.424, 'sec': 6.196, 'MAE': 43.3433, 'RMSE': 66.7339, 'sMAPE': 53.2256, 'block_RMSE_mean': 59.6369, 'block_RMSE_median': 50.0146}
    {'epoch': 6, 'train_loss': 0.4115, 'sec': 6.0173, 'MAE': 44.2344, 'RMSE': 67.0376, 'sMAPE': 53.6257, 'block_RMSE_mean': 59.8872, 'block_RMSE_median': 51.3872}
{'seed': 1, 'early_stop_epochs_run': 6, 'best_epoch': 4, 'val': {'MAE': 44.44983506985949, 'RMSE': 65.79632456303516, 'sMAPE': 54.85083535068858, 'block_RMSE_mean': 59.7252815986189, 'block_RMSE_median': 51.84438430837012}, 'epochs_counted': 6}
    {'epoch': 1, 'train_loss': 0.6824, 'sec': 6.2753, 'MAE': 46.4523, 'RMSE': 72.0008, 'sMAPE': 57.8808, 'block_RMSE_mean': 63.3608, 'block_RMSE_median': 50.7153}
    {'epoch': 2, 'train_loss': 0.5094, 'sec': 5.7098, 'MAE': 44.2574, 'RMSE': 67.1466, 'sMAPE': 55.4009, 'block_RMSE_mean': 60.6299, 'block_RMSE_median': 52.0827}
    {'epoch': 3, 'train_loss': 0.471, 'sec': 4.7057, 'MAE': 45.0643, 'RMSE': 70.2834, 'sMAPE': 55.8031, 'block_RMSE_mean': 62.6555, 'block_RMSE_median': 52.0021}
    {'epoch': 4, 'train_loss': 0.4552, 'sec': 2.1195, 'MAE': 42.7222, 'RMSE': 67.7952, 'sMAPE': 52.9485, 'block_RMSE_mean': 59.7549, 'block_RMSE_median': 50.1327}
{'seed': 2, 'early_stop_epochs_run': 4, 'best_epoch': 2, 'val': {'MAE': 44.25744628084224, 'RMSE': 67.14662412317622, 'sMAPE': 55.40088544665852, 'block_RMSE_mean': 60.62989970474907, 'block_RMSE_median': 52.08271126024597}, 'epochs_counted': 4}

P (trainable params) = 66243
E (training epochs) = 17
submission string written to results/final_ensemble_submission.txt
